
> crm@1.0.0 test
> echo "Error: no test specified" && exit 1

Error: no test specified
